// Jest Snapshot v1, https://goo.gl/fbAQLP

exports[`component exists 1`] = `
<View
  style={
    Object {
      "backgroundColor": "rgba(255, 255, 255, 0.8)",
      "borderRadius": 4,
      "flexDirection": "column",
      "paddingTop": 20,
      "width": 562.5,
    }
  }
>
  <View
    style={
      Array [
        Object {
          "alignItems": "center",
          "flexDirection": "row",
          "justifyContent": "center",
          "marginHorizontal": 20,
        },
        Object {
          "borderBottomWidth": 0.5,
          "borderColor": "#d1caca",
        },
      ]
    }
  >
    <Image
      source={1}
      style={
        Object {
          "height": 15,
          "margin": 5,
          "width": 15,
        }
      }
    />
    <TextInput
      autoCapitalize="none"
      autoCorrect={false}
      editable={false}
      keyboardType="email-address"
      onChangeText={undefined}
      onSubmitEditing={[Function]}
      placeholder="Email Address"
      returnKeyType="next"
      style={
        Object {
          "color": "#CCCCCC",
          "flex": 1,
          "fontFamily": "Futura",
          "fontSize": 34,
          "height": 30,
        }
      }
      underlineColorAndroid="transparent"
      value="Daredevil"
    />
  </View>
  <View
    style={
      Array [
        Object {
          "alignItems": "center",
          "flexDirection": "row",
          "justifyContent": "center",
          "marginHorizontal": 20,
        },
        Object {
          "borderBottomWidth": 0.5,
          "borderColor": "#d1caca",
        },
      ]
    }
  >
    <Image
      source={1}
      style={
        Array [
          Object {
            "height": 15,
            "margin": 5,
            "width": 15,
          },
          Object {
            "width": 16,
          },
        ]
      }
    />
    <TextInput
      autoCapitalize="none"
      autoCorrect={false}
      editable={false}
      keyboardType="default"
      onChangeText={undefined}
      onSubmitEditing={undefined}
      placeholder="Password"
      returnKeyType="go"
      secureTextEntry={true}
      style={
        Object {
          "color": "#CCCCCC",
          "flex": 1,
          "fontFamily": "Futura",
          "fontSize": 34,
          "height": 30,
        }
      }
      underlineColorAndroid="transparent"
      value="The devil of Hell's Kitchen"
    />
  </View>
  <View
    accessibilityComponentType={undefined}
    accessibilityLabel={undefined}
    accessibilityTraits={undefined}
    accessible={true}
    hitSlop={undefined}
    isTVSelectable={true}
    onLayout={undefined}
    onResponderGrant={[Function]}
    onResponderMove={[Function]}
    onResponderRelease={[Function]}
    onResponderTerminate={[Function]}
    onResponderTerminationRequest={[Function]}
    onStartShouldSetResponder={[Function]}
    style={
      Object {
        "alignItems": "center",
        "justifyContent": "center",
        "marginTop": 10,
        "opacity": 1,
      }
    }
    testID={undefined}
    tvParallaxProperties={undefined}
  >
    <Text
      accessible={true}
      allowFontScaling={true}
      ellipsizeMode="tail"
      style={
        Object {
          "color": "#e78720",
          "fontFamily": "Futura",
          "fontSize": 28,
          "textAlign": "center",
        }
      }
    >
      Forgot my password
    </Text>
  </View>
  <View
    style={
      Object {
        "alignItems": "center",
        "flexDirection": "row",
        "justifyContent": "center",
        "paddingLeft": 20,
        "paddingRight": 20,
      }
    }
  >
    <View
      accessibilityComponentType={undefined}
      accessibilityLabel={undefined}
      accessibilityTraits={undefined}
      accessible={true}
      hitSlop={undefined}
      isTVSelectable={true}
      onLayout={undefined}
      onResponderGrant={[Function]}
      onResponderMove={[Function]}
      onResponderRelease={[Function]}
      onResponderTerminate={[Function]}
      onResponderTerminationRequest={[Function]}
      onStartShouldSetResponder={[Function]}
      style={
        Object {
          "backgroundColor": "#e78720",
          "borderRadius": 4,
          "margin": 5,
          "marginBottom": 0,
          "opacity": 1,
          "paddingBottom": 10,
          "paddingLeft": 40,
          "paddingRight": 40,
          "paddingTop": 10,
        }
      }
      testID={undefined}
      tvParallaxProperties={undefined}
    >
      <Text
        accessible={true}
        allowFontScaling={true}
        ellipsizeMode="tail"
        style={
          Object {
            "color": "#292929",
            "fontFamily": "Futura",
            "fontSize": 34,
            "textAlign": "center",
          }
        }
      >
        LOG IN
      </Text>
    </View>
  </View>
  <View
    style={
      Object {
        "alignItems": "center",
        "justifyContent": "center",
      }
    }
  >
    <View
      accessibilityComponentType={undefined}
      accessibilityLabel={undefined}
      accessibilityTraits={undefined}
      accessible={true}
      hitSlop={undefined}
      isTVSelectable={true}
      onLayout={undefined}
      onResponderGrant={[Function]}
      onResponderMove={[Function]}
      onResponderRelease={[Function]}
      onResponderTerminate={[Function]}
      onResponderTerminationRequest={[Function]}
      onStartShouldSetResponder={[Function]}
      style={
        Object {
          "alignItems": "center",
          "height": 40,
          "justifyContent": "center",
          "opacity": 1,
        }
      }
      testID={undefined}
      tvParallaxProperties={undefined}
    >
      <Text
        accessible={true}
        allowFontScaling={true}
        ellipsizeMode="tail"
        style={
          Object {
            "fontFamily": "Futura",
            "fontSize": 34,
          }
        }
      >
        New User? 
        <Text
          accessible={true}
          allowFontScaling={true}
          ellipsizeMode="tail"
          style={
            Object {
              "color": "#e78720",
              "fontFamily": "Futura",
              "fontSize": 34,
            }
          }
        >
          Sign up
        </Text>
      </Text>
    </View>
  </View>
  <View
    accessibilityComponentType={undefined}
    accessibilityLabel={undefined}
    accessibilityTraits={undefined}
    accessible={true}
    hitSlop={undefined}
    isTVSelectable={true}
    onLayout={undefined}
    onResponderGrant={[Function]}
    onResponderMove={[Function]}
    onResponderRelease={[Function]}
    onResponderTerminate={[Function]}
    onResponderTerminationRequest={[Function]}
    onStartShouldSetResponder={[Function]}
    style={
      Object {
        "alignItems": "center",
        "justifyContent": "center",
        "marginBottom": 5,
        "opacity": 1,
      }
    }
    testID={undefined}
    tvParallaxProperties={undefined}
  >
    <Text
      accessible={true}
      allowFontScaling={true}
      ellipsizeMode="tail"
      style={
        Object {
          "alignItems": "center",
          "color": "#808080",
          "fontFamily": "Futura",
          "fontSize": 34,
          "justifyContent": "center",
          "textAlign": "center",
        }
      }
    >
      Cancel
    </Text>
  </View>
</View>
`;
