// Jest Snapshot v1, https://goo.gl/fbAQLP

exports[`component exists 1`] = `
<View
  style={
    Object {
      "flex": 1,
    }
  }
>
  <View
    style={
      Object {
        "alignItems": "center",
        "paddingHorizontal": 20,
        "paddingVertical": 5,
      }
    }
  >
    <View
      accessibilityComponentType={undefined}
      accessibilityLabel={undefined}
      accessibilityTraits={undefined}
      accessible={true}
      hitSlop={undefined}
      isTVSelectable={true}
      onLayout={undefined}
      onResponderGrant={[Function]}
      onResponderMove={[Function]}
      onResponderRelease={[Function]}
      onResponderTerminate={[Function]}
      onResponderTerminationRequest={[Function]}
      onStartShouldSetResponder={[Function]}
      style={
        Object {
          "alignItems": "center",
          "backgroundColor": "#3b5998",
          "borderRadius": 4,
          "flexDirection": "row",
          "justifyContent": "center",
          "opacity": 1,
        }
      }
      testID={undefined}
      tvParallaxProperties={undefined}
    >
      <Image
        resizeMode="contain"
        source={1}
        style={
          Object {
            "flex": 0.3,
            "height": 20,
            "width": 15,
          }
        }
      />
      <Text
        accessible={true}
        allowFontScaling={true}
        ellipsizeMode="tail"
        style={
          Object {
            "color": "#ffffff",
            "flex": 2,
            "fontFamily": "Futura",
            "fontSize": 17,
            "padding": 10,
            "textAlign": "center",
          }
        }
      >
        LOGIN WITH Facebook
      </Text>
    </View>
  </View>
  <View
    style={
      Object {
        "alignItems": "center",
        "paddingHorizontal": 20,
        "paddingVertical": 5,
      }
    }
  >
    <View
      accessibilityComponentType={undefined}
      accessibilityLabel={undefined}
      accessibilityTraits={undefined}
      accessible={true}
      hitSlop={undefined}
      isTVSelectable={true}
      onLayout={undefined}
      onResponderGrant={[Function]}
      onResponderMove={[Function]}
      onResponderRelease={[Function]}
      onResponderTerminate={[Function]}
      onResponderTerminationRequest={[Function]}
      onStartShouldSetResponder={[Function]}
      style={
        Object {
          "backgroundColor": "#ffffff",
          "borderRadius": 3,
          "opacity": 1,
          "padding": 6,
          "paddingHorizontal": 40,
          "paddingVertical": 10,
        }
      }
      testID={undefined}
      tvParallaxProperties={undefined}
    >
      <Text
        accessible={true}
        allowFontScaling={true}
        ellipsizeMode="tail"
      >
        <Text
          accessible={true}
          allowFontScaling={true}
          ellipsizeMode="tail"
          style={
            Object {
              "color": "#e78720",
              "fontFamily": "Futura",
              "fontSize": 17,
              "fontWeight": "bold",
              "textAlign": "center",
            }
          }
        >
          LOGIN
           \`}
        </Text>
        <Text
          accessible={true}
          allowFontScaling={true}
          ellipsizeMode="tail"
          style={
            Object {
              "color": "#e78720",
              "fontFamily": "Futura",
              "fontSize": 17,
              "textAlign": "center",
            }
          }
        >
          OR
           \`}
        </Text>
        <Text
          accessible={true}
          allowFontScaling={true}
          ellipsizeMode="tail"
          style={
            Object {
              "color": "#e78720",
              "fontFamily": "Futura",
              "fontSize": 17,
              "fontWeight": "bold",
              "textAlign": "center",
            }
          }
        >
          REGISTER
        </Text>
      </Text>
    </View>
  </View>
</View>
`;
